// Jest Snapshot v1, https://goo.gl/fbAQLP

exports[`EthereumSignIn renders the component 1`] = `
<EthereumSignIn
  onConnect={[Function]}
/>
`;
