// Jest Snapshot v1, https://goo.gl/fbAQLP

exports[`BuyLand initial state - before start account setup 1`] = `
<Component
  style={
    Object {
      "alignItems": "center",
      "backgroundColor": "black",
      "flex": 1,
      "justifyContent": "center",
    }
  }
>
  <LandForSale
    landForSale={
      Object {
        "asset": Object {
          "id": "0123456789",
          "img": "https://api.decentraland.org/v1/parcels/0/0/map.png",
          "name": "Sample Parcel",
          "type": "PARCEL",
        },
        "id": "2",
        "priceMana": "0",
        "priceUSD": 0,
      }
    }
  />
  <Component
    style={
      Object {
        "flexDirection": "row",
        "marginTop": 66.7,
      }
    }
  >
    <Button
      disabled={false}
      onPress={[Function]}
      title="Set up account"
    />
  </Component>
  <AccountCreationProgress
    actions={Object {}}
    status="NOT_STARTED"
  />
</Component>
`;
