// Jest Snapshot v1, https://goo.gl/fbAQLP

exports[`EthereumSignIn renders the component 1`] = `
<Component
  style={
    Object {
      "alignItems": "center",
      "backgroundColor": "black",
      "flex": 1,
      "justifyContent": "center",
    }
  }
>
  <LargeText>
    Cool. Let's start by hooking this app with your wallet.
  </LargeText>
  <Component
    style={
      Object {
        "flexDirection": "row",
        "marginTop": 66.7,
      }
    }
  >
    <Button
      onPress={[Function]}
      title="Connect with wallet"
    />
  </Component>
</Component>
`;
