// Jest Snapshot v1, https://goo.gl/fbAQLP

exports[`EthereumQuestion renders the component 1`] = `
<Component
  style={
    Object {
      "alignItems": "center",
      "backgroundColor": "black",
      "flex": 1,
      "justifyContent": "center",
    }
  }
>
  <LargeText>
    Are you new to Ethereum?
  </LargeText>
  <Component
    style={
      Object {
        "flexDirection": "row",
        "marginTop": 53.36,
      }
    }
  >
    <Button
      onPress={[Function]}
      title="Yep"
    />
  </Component>
  <Component
    style={
      Object {
        "flexDirection": "row",
        "marginTop": 53.36,
      }
    }
  >
    <Button
      onPress={[Function]}
      title="Nope"
    />
  </Component>
</Component>
`;
