// Jest Snapshot v1, https://goo.gl/fbAQLP

exports[`LandForSaleList renders the component after having loaded an empty list 1`] = `
<Component
  style={
    Object {
      "backgroundColor": "black",
      "flex": 1,
    }
  }
>
  <LargeText>
    There isn't any land for sale right now.
  </LargeText>
</Component>
`;

exports[`LandForSaleList renders the component when list is empty and the loading is in progress 1`] = `
<FlatList
  data={Array []}
  disableVirtualization={false}
  horizontal={false}
  initialNumToRender={10}
  keyExtractor={[Function]}
  maxToRenderPerBatch={10}
  numColumns={1}
  onEndReachedThreshold={2}
  renderItem={[Function]}
  scrollEventThrottle={50}
  style={
    Object {
      "backgroundColor": "black",
      "flex": 1,
    }
  }
  updateCellsBatchingPeriod={50}
  windowSize={21}
/>
`;
