// Jest Snapshot v1, https://goo.gl/fbAQLP

exports[`MyAsset renders the component 1`] = `
<Component
  style={
    Object {
      "width": 712.5,
    }
  }
>
  <Parcel
    parcel={
      Object {
        "id": "0123456789",
        "img": "https://api.decentraland.org/v1/parcels/0/0/map.png",
        "name": "Sample Parcel",
        "type": "PARCEL",
      }
    }
  />
  <Component
    style={
      Object {
        "flexDirection": "row",
        "justifyContent": "space-between",
      }
    }
  >
    <AssetName
      asset={
        Object {
          "id": "0123456789",
          "img": "https://api.decentraland.org/v1/parcels/0/0/map.png",
          "name": "Sample Parcel",
          "type": "PARCEL",
        }
      }
    />
    <LinkToBlockchain />
  </Component>
</Component>
`;
