// Jest Snapshot v1, https://goo.gl/fbAQLP

exports[`MyAssetsList renders the component with assets 1`] = `
<FlatList
  data={
    Array [
      Object {
        "asset": Object {
          "id": "123",
          "img": "https://api.decentraland.org/v1/estates/1/map.png",
          "name": "Sample Estate",
          "type": "ESTATE",
        },
        "userAction": Object {
          "0x987654321098765432109876543210987654321": Object {
            "assetId": "123",
            "status": "SUCCESSFUL",
          },
        },
      },
    ]
  }
  disableVirtualization={false}
  horizontal={false}
  initialNumToRender={10}
  keyExtractor={[Function]}
  maxToRenderPerBatch={10}
  numColumns={1}
  onEndReachedThreshold={2}
  renderItem={[Function]}
  scrollEventThrottle={50}
  style={
    Object {
      "backgroundColor": "black",
      "flex": 1,
    }
  }
  updateCellsBatchingPeriod={50}
  windowSize={21}
/>
`;

exports[`MyAssetsList renders the component without assets 1`] = `
<Component
  style={
    Object {
      "alignItems": "center",
      "backgroundColor": "black",
      "flex": 1,
      "justifyContent": "center",
    }
  }
>
  <LargeText>
    You haven't bought any land yet.
  </LargeText>
</Component>
`;
