// Jest Snapshot v1, https://goo.gl/fbAQLP

exports[`BuyLandScreen renders the component  1`] = `
<BuyLand
  accountCreationActions={Object {}}
  accountCreationStatus="READY_TO_USE"
  landForSale={
    Object {
      "asset": Object {
        "id": "123",
        "img": "https://api.decentraland.org/v1/estates/1/map.png",
        "name": "Sample Estate",
        "type": "ESTATE",
      },
      "id": "1",
      "priceMana": "0",
      "priceUSD": 0,
    }
  }
  onBuy={[Function]}
/>
`;
