// Jest Snapshot v1, https://goo.gl/fbAQLP

exports[`OnboardingHome renders the component 1`] = `
<OnboardingHome
  onPress={[Function]}
/>
`;
