// Jest Snapshot v1, https://goo.gl/fbAQLP

exports[`MyAsset MyAssetInfo renders the component 1`] = `
<Component
  style={
    Object {
      "flexDirection": "row",
      "justifyContent": "space-between",
    }
  }
>
  <Component
    style={
      Object {
        "flex": 1,
      }
    }
  >
    <AssetName
      name="Sample Parcel"
    />
  </Component>
  <Component
    style={
      Object {
        "flex": 1,
        "flexDirection": "row",
        "justifyContent": "flex-end",
      }
    }
  >
    <LinkToBlockchain
      actionId="0x1234567890123456789012345678901234567890"
    />
  </Component>
</Component>
`;

exports[`MyAsset renders the component 1`] = `
<Component
  style={
    Object {
      "width": 712.5,
    }
  }
>
  <Parcel
    parcel={
      Object {
        "id": "0123456789",
        "img": "https://api.decentraland.org/v1/parcels/0/0/map.png",
        "name": "Sample Parcel",
        "type": "PARCEL",
      }
    }
  />
  <MyAssetInfo
    asset={
      Object {
        "id": "0123456789",
        "img": "https://api.decentraland.org/v1/parcels/0/0/map.png",
        "name": "Sample Parcel",
        "type": "PARCEL",
      }
    }
    userAction={
      Object {
        "0x1234567890123456789012345678901234567890": Object {
          "assetId": "0123456789",
          "status": "SUCCESSFUL",
        },
      }
    }
  />
</Component>
`;
