// Jest Snapshot v1, https://goo.gl/fbAQLP

exports[`EthereumSignUpScreen renders the component 1`] = `
<EthereumSignUp
  onSignUp={[Function]}
/>
`;
