// Jest Snapshot v1, https://goo.gl/fbAQLP

exports[`EthereumSignUp renders the component 1`] = `
<KeyboardAvoidingView
  behavior="padding"
  enabled={true}
  keyboardVerticalOffset={104.02}
  style={
    Object {
      "alignItems": "center",
      "backgroundColor": "black",
      "flex": 1,
      "justifyContent": "center",
    }
  }
>
  <LargeText>
    Cool. Let's start by picking your Tasit username.
  </LargeText>
  <EthereumSignUpForm
    onSignUp={[Function]}
  />
</KeyboardAvoidingView>
`;
