// Jest Snapshot v1, https://goo.gl/fbAQLP

exports[`MyProfileProgress MyAccountProgressText renders the component 1`] = `
<Component
  style={
    Object {
      "alignItems": "center",
      "flexDirection": "row",
      "marginTop": 13.34,
    }
  }
>
  <Component
    style={
      Object {
        "color": "#CCCCCC",
        "fontWeight": "800",
      }
    }
  >
    50
    % complete
  </Component>
</Component>
`;

exports[`MyProfileProgress renders the component 1`] = `
<Component
  style={
    Object {
      "alignItems": "center",
      "backgroundColor": "black",
      "flex": 1,
      "flexDirection": "column",
      "justifyContent": "flex-start",
    }
  }
>
  <ProgressBar
    animated={true}
    animationConfig={
      Object {
        "bounciness": 0,
      }
    }
    animationType="spring"
    borderRadius={0}
    borderWidth={0}
    color="#07FFC2"
    height={13.34}
    indeterminate={false}
    indeterminateAnimationDuration={1000}
    progress={0.5}
    unfilledColor="#CCCCCC"
    useNativeDriver={false}
    width={750}
  />
  <MyProfileProgressText
    progress={0.5}
  />
</Component>
`;
