// Jest Snapshot v1, https://goo.gl/fbAQLP

exports[`LargeText renders the component 1`] = `
<Component
  style={
    Object {
      "color": "#CCCCCC",
      "fontSize": 61.191865835619396,
      "fontWeight": "bold",
      "padding": 26.68,
      "textAlign": "center",
    }
  }
/>
`;
